// Jest Snapshot v1, https://goo.gl/fbAQLP

exports[`<Form /> renders the <Form /> with an error 1`] = `
<div
  class="sc-iAKWXU imFYqY"
>
  <div
    class="sc-efQSVx hchlJe"
  >
    Your email address is already being used
  </div>
  <button
    class="sc-khQegj dyVdiw"
    type="submit"
  >
    Sign In
  </button>
</div>
`;
